building the system configuration...
evaluation warning: stylix: regreet: custom services.greetd.settings.default_session.command value may not work: /nix/store/gph17gb73p6qbrqqjnypfjj5npf0ldyx-coreutils-9.11/bin/env GSK_RENDERER=ngl /nix/store/bfsvbks63cgpv782s483l009n3drpyy6-weston-15.0.1/bin/weston --config=/nix/store/ak80max865g5s23caj0mw8fr512w2d3p-weston.ini -- /nix/store/0nrdkbhfd9vrnnxw1lbj5ghki8z3v3rc-greetd-session
evaluation warning: cloudburst profile: stylix: qt: `config.stylix.targets.qt.platform` other than 'qtct' are currently unsupported: kde. Support may be added in the future.
evaluation warning: 'system' has been renamed to/replaced by 'stdenv.hostPlatform.system'
these 21 derivations will be built:
  /nix/store/38pxhsy1nbqp6hb25z3ydb6h715q2an8-Default.profile.drv
  /nix/store/idlxivqsj336akn434cdrqw1ipzyr9vy-system-path.drv
  /nix/store/81pkw08q61cl8wl2k5bi7c1v6iyqrk8z-X-Restart-Triggers-polkit.drv
  /nix/store/5kga6y41mzkspjwzfnzic9zcr48w7mxk-unit-polkit.service.drv
  /nix/store/s6jpa5iirg3nwy7j3rsmxs8qc9w9hbsf-dbus-1.drv
  /nix/store/kzxzn1yrb17lv712fk88agn8xa6ckz2f-X-Restart-Triggers-dbus-broker.drv
  /nix/store/bm7gx9v84m2zgn48hzq349y34zf9axvq-unit-dbus-broker.service.drv
  /nix/store/grbmczr8p1r76l4c6xjxxkbjirijng83-unit-accounts-daemon.service.drv
  /nix/store/7j245pq9m1r5qn5rmqs77y1iy450grkb-Base.profile.drv
  /nix/store/r56bgnm049560pp0ay376q2532qc70ir-config.toml.drv
  /nix/store/rhanpi7fn3kv82xhiy2yr80nq59182jv-noctalia-config.toml.drv
  /nix/store/bi0skpcs0cvnjpfabykbkksi1d1f3bim-home-manager-files.drv
  /nix/store/w1rrpgcapgrcqy1fk59aak3r626920wb-activation-script.drv
  /nix/store/wbpggn0zz8n5w0wms93rxhrx7cp17lld-home-manager-generation.drv
  /nix/store/i2xxif11ihnr6vrsky0ycwv58hkdmlrm-unit-home-manager-cloudburst.service.drv
  /nix/store/ays8lsm5sf5d4026wf6d2dyq8rlfyz86-system-units.drv
  /nix/store/lpif04kpg5329cfcn0sc62in5p1fdwwq-unit-dbus-broker.service.drv
  /nix/store/m6w5ah99jlyjsd2r17dlm87sla5d9bhg-user-units.drv
  /nix/store/vnic1cch27nqmrlndywkbixnzbi0cczs-etc.drv
  /nix/store/57das2x0s1rfvb2rv2h2l1fbxh3bljhf-activate.drv
  /nix/store/55lhpnrk7vh1ss2l501v0wcma0lj898i-nixos-system-cloudburst-desktop-26.05.20260901.a311611.drv
building '/nix/store/idlxivqsj336akn434cdrqw1ipzyr9vy-system-path.drv'...
building '/nix/store/w1rrpgcapgrcqy1fk59aak3r626920wb-activation-script.drv'...
building '/nix/store/7j245pq9m1r5qn5rmqs77y1iy450grkb-Base.profile.drv'...
building '/nix/store/38pxhsy1nbqp6hb25z3ydb6h715q2an8-Default.profile.drv'...
building '/nix/store/r56bgnm049560pp0ay376q2532qc70ir-config.toml.drv'...
building '/nix/store/rhanpi7fn3kv82xhiy2yr80nq59182jv-noctalia-config.toml.drv'...
building '/nix/store/bi0skpcs0cvnjpfabykbkksi1d1f3bim-home-manager-files.drv'...
building '/nix/store/wbpggn0zz8n5w0wms93rxhrx7cp17lld-home-manager-generation.drv'...
building '/nix/store/i2xxif11ihnr6vrsky0ycwv58hkdmlrm-unit-home-manager-cloudburst.service.drv'...
building '/nix/store/81pkw08q61cl8wl2k5bi7c1v6iyqrk8z-X-Restart-Triggers-polkit.drv'...
building '/nix/store/s6jpa5iirg3nwy7j3rsmxs8qc9w9hbsf-dbus-1.drv'...
building '/nix/store/grbmczr8p1r76l4c6xjxxkbjirijng83-unit-accounts-daemon.service.drv'...
building '/nix/store/kzxzn1yrb17lv712fk88agn8xa6ckz2f-X-Restart-Triggers-dbus-broker.drv'...
building '/nix/store/5kga6y41mzkspjwzfnzic9zcr48w7mxk-unit-polkit.service.drv'...
building '/nix/store/bm7gx9v84m2zgn48hzq349y34zf9axvq-unit-dbus-broker.service.drv'...
building '/nix/store/lpif04kpg5329cfcn0sc62in5p1fdwwq-unit-dbus-broker.service.drv'...
building '/nix/store/ays8lsm5sf5d4026wf6d2dyq8rlfyz86-system-units.drv'...
building '/nix/store/m6w5ah99jlyjsd2r17dlm87sla5d9bhg-user-units.drv'...
building '/nix/store/vnic1cch27nqmrlndywkbixnzbi0cczs-etc.drv'...
building '/nix/store/57das2x0s1rfvb2rv2h2l1fbxh3bljhf-activate.drv'...
building '/nix/store/55lhpnrk7vh1ss2l501v0wcma0lj898i-nixos-system-cloudburst-desktop-26.05.20260901.a311611.drv'...
Checking switch inhibitors... done
stopping the following units: accounts-daemon.service
activating the configuration...
setting up /etc...
reloading user units for cloudburst...
reloading the following user units: dbus-broker.service
restarting the following user units: nixos-activation.service
restarting sysinit-reactivation.target
reloading the following units: dbus-broker.service
restarting the following units: home-manager-cloudburst.service, polkit.service
starting the following units: accounts-daemon.service
the following new units were started: NetworkManager-dispatcher.service
Done. The new configuration is /nix/store/7pgasx965wxrn0k529g0c2j9pi6mj4sk-nixos-system-cloudburst-desktop-26.05.20260901.a311611
